// Jest Snapshot v1, https://goo.gl/fbAQLP

exports[`products service getProducts matches snapshot 1`] = `
Array [
  Object {
    "category": "ALBERT'S FRESH",
    "codes": "g",
    "count_on_hand": null,
    "createdAt": "2021-01-02T00:59:46.649+00:00",
    "description": "Butter, Salted, Irish, Gluten-Free, Kerrygold",
    "id": 63494,
    "import_tag": "albertz",
    "name": "KERRYGOLD",
    "no_backorder": false,
    "pk": 20,
    "size": "8 oz",
    "sub_category": "DAIRY",
    "u_price": 3.83,
    "u_price_cost": 3.83,
    "unf": "86037",
    "unit_type": "CS",
    "upc_code": "6-16973-71180-7",
    "updatedAt": "2021-01-02T00:59:46.649+00:00",
    "vendor": "albert's fresh",
    "ws_price": 76.51,
    "ws_price_cost": 76.51,
  },
  Object {
    "category": "ALBERT'S FRESH",
    "codes": "g",
    "count_on_hand": null,
    "createdAt": "2021-01-02T00:59:46.649+00:00",
    "description": "Butter, Unsalted, Irish, Gluten-Free, Kerrygold",
    "id": 63495,
    "import_tag": "albertz",
    "name": "KERRYGOLD",
    "no_backorder": false,
    "pk": 20,
    "size": "8 oz",
    "sub_category": "DAIRY",
    "u_price": 3.83,
    "u_price_cost": 3.83,
    "unf": "84829",
    "unit_type": "CS",
    "upc_code": "6-16973-71115-9",
    "updatedAt": "2021-01-02T00:59:46.649+00:00",
    "vendor": "albert's fresh",
    "ws_price": 76.51,
    "ws_price_cost": 76.51,
  },
  Object {
    "category": "ALBERT'S FRESH",
    "codes": "2",
    "count_on_hand": null,
    "createdAt": "2021-01-02T00:59:46.649+00:00",
    "description": "Cheese, Chevre Plain Log, Amaltheia",
    "id": 63499,
    "import_tag": "albertz",
    "name": "AMALTHEIA",
    "no_backorder": false,
    "pk": 12,
    "size": "4 oz",
    "sub_category": "DAIRY",
    "u_price": 3.67,
    "u_price_cost": 3.67,
    "unf": "88140",
    "unit_type": "CS",
    "upc_code": "6-16973-11115-7",
    "updatedAt": "2021-01-02T00:59:46.649+00:00",
    "vendor": "albert's fresh",
    "ws_price": 44,
    "ws_price_cost": 44,
  },
  Object {
    "category": "ALBERT'S FRESH",
    "codes": "2",
    "count_on_hand": null,
    "createdAt": "2021-01-02T00:59:46.649+00:00",
    "description": "Cheese, Chevre, Roasted Garlic & Chive, Amaltheia",
    "id": 63500,
    "import_tag": "albertz",
    "name": "AMALTHEIA",
    "no_backorder": false,
    "pk": 12,
    "size": "4 oz",
    "sub_category": "DAIRY",
    "u_price": 3.73,
    "u_price_cost": 3.73,
    "unf": "84830",
    "unit_type": "CS",
    "upc_code": "6-16973-71116-6",
    "updatedAt": "2021-01-02T00:59:46.649+00:00",
    "vendor": "albert's fresh",
    "ws_price": 44.7,
    "ws_price_cost": 44.7,
  },
  Object {
    "category": "ALBERT'S FRESH",
    "codes": "2",
    "count_on_hand": null,
    "createdAt": "2021-01-02T00:59:46.649+00:00",
    "description": "Cheese, Parm Regg, Ambrosi",
    "id": 63501,
    "import_tag": "albertz",
    "name": "AMBROSI",
    "no_backorder": false,
    "pk": 10,
    "size": "7 oz",
    "sub_category": "DAIRY",
    "u_price": 9.45,
    "u_price_cost": 9.45,
    "unf": "81437",
    "unit_type": "CS",
    "upc_code": "6-16973-79029-1",
    "updatedAt": "2021-01-02T00:59:46.649+00:00",
    "vendor": "albert's fresh",
    "ws_price": 94.51,
    "ws_price_cost": 94.51,
  },
  Object {
    "category": "ALBERT'S FRESH",
    "codes": "2",
    "count_on_hand": null,
    "createdAt": "2021-01-02T00:59:46.649+00:00",
    "description": "Cheese, Parm Regg Flakes, Ambrosi",
    "id": 63502,
    "import_tag": "albertz",
    "name": "AMBROSI",
    "no_backorder": false,
    "pk": 6,
    "size": "2.82 oz",
    "sub_category": "DAIRY",
    "u_price": 4.6,
    "u_price_cost": 4.6,
    "unf": "53419",
    "unit_type": "CS",
    "upc_code": "6-16973-76020-1",
    "updatedAt": "2021-01-02T00:59:46.649+00:00",
    "vendor": "albert's fresh",
    "ws_price": 27.62,
    "ws_price_cost": 27.62,
  },
  Object {
    "category": "ALBERT'S FRESH",
    "codes": "2",
    "count_on_hand": null,
    "createdAt": "2021-01-02T00:59:46.649+00:00",
    "description": "Cheese, Parm Regg Grated, Ambrosi",
    "id": 63503,
    "import_tag": "albertz",
    "name": "AMBROSI",
    "no_backorder": false,
    "pk": 6,
    "size": "2.82 oz",
    "sub_category": "DAIRY",
    "u_price": 4.41,
    "u_price_cost": 4.41,
    "unf": "53421",
    "unit_type": "CS",
    "upc_code": "6-16973-78300-2",
    "updatedAt": "2021-01-02T00:59:46.649+00:00",
    "vendor": "albert's fresh",
    "ws_price": 26.43,
    "ws_price_cost": 26.43,
  },
  Object {
    "category": "ALBERT'S FRESH",
    "codes": "n",
    "count_on_hand": null,
    "createdAt": "2021-01-02T00:59:46.649+00:00",
    "description": "Cheese, Cheddar, Vintage, 24 Month Aged, Grassfed, Anchor",
    "id": 63504,
    "import_tag": "albertz",
    "name": "ANCHOR",
    "no_backorder": false,
    "pk": 12,
    "size": "7 oz",
    "sub_category": "DAIRY",
    "u_price": 3.61,
    "u_price_cost": 3.61,
    "unf": "53418",
    "unit_type": "CS",
    "upc_code": "6-16973-76010-2",
    "updatedAt": "2021-01-02T00:59:46.649+00:00",
    "vendor": "albert's fresh",
    "ws_price": 43.29,
    "ws_price_cost": 43.29,
  },
  Object {
    "category": "ALBERT'S FRESH",
    "codes": "n",
    "count_on_hand": null,
    "createdAt": "2021-01-02T00:59:46.649+00:00",
    "description": "Cheese, Egmont (Gouda Style), Grassfed, Anchor",
    "id": 63505,
    "import_tag": "albertz",
    "name": "ANCHOR",
    "no_backorder": false,
    "pk": 12,
    "size": "7 oz",
    "sub_category": "DAIRY",
    "u_price": 2.8,
    "u_price_cost": 2.8,
    "unf": "61776",
    "unit_type": "CS",
    "upc_code": "6-16973-71134-0",
    "updatedAt": "2021-01-02T00:59:46.649+00:00",
    "vendor": "albert's fresh",
    "ws_price": 33.57,
    "ws_price_cost": 33.57,
  },
  Object {
    "category": "ALBERT'S FRESH",
    "codes": "n",
    "count_on_hand": null,
    "createdAt": "2021-01-02T00:59:46.649+00:00",
    "description": "Cheese, Sharp, New Zealand, Grassfed, Anchor",
    "id": 63506,
    "import_tag": "albertz",
    "name": "ANCHOR",
    "no_backorder": false,
    "pk": 12,
    "size": "7 oz",
    "sub_category": "DAIRY",
    "u_price": 2.8,
    "u_price_cost": 2.8,
    "unf": "69203",
    "unit_type": "CS",
    "upc_code": "6-16973-70164-8",
    "updatedAt": "2021-01-02T00:59:46.649+00:00",
    "vendor": "albert's fresh",
    "ws_price": 33.57,
    "ws_price_cost": 33.57,
  },
]
`;
